main :: forall 'a1. Int * ((Bool + 'a1) * Bool) = (1, (Inl True, False))
