main :: Int * Bool = let y = 1;
       in let x = True;
          in ((*) y y, x)
