main :: forall 'a1. Int + 'a1 = if True
          then Inl 1
          else Inl 5
