main = let g = (recfun g' x = (*) x x);
       in let f = g;
          in g 7
