main :: forall 'a1. () * ('a1 + ()) = ((), Inr ())