main = let f = (recfun f x = (recfun g y = (*) x ((- y))));
       in let z = (recfun z x = f 3);
          in z 2 4
