main = let x = 8;
       in let f = (recfun f w = (recfun g y = (+) ((+) ((+) y x) w) 1));
          in f 3 2
