main :: forall 'a1 'b1. (() * (Int + 'a1)) + 'b1 = Inl ((), Inl 3)
